// Vitest Snapshot v1

exports[`Switch ç»„ä»¶æµ‹è¯• > create 1`] = `
<button
  class="i-switch"
  role="switch"
  type="button"
>
  <span
    class="i-switch__handle"
  >
    <!--v-if-->
  </span>
  <div
    class="i-switch__content"
  >
    
    
    <!--v-if-->
  </div>
</button>
`;
