// Vitest Snapshot v1

exports[`Badge 组件测试 > color 1`] = `
<div
  class="i-badge"
>
  
  
  <sup
    class="i-badge__content i-badge--circle"
    style="background: red;"
  >
    
    0
    
  </sup>
</div>
`;
