// Vitest Snapshot v1

exports[`Textarea 组件测试 > create 1`] = ``;

exports[`Textarea 组件测试 > defaultValue 1`] = ``;

exports[`Textarea 组件测试 > placeholder 1`] = ``;

exports[`Textarea 组件测试 > value 1`] = ``;
