// Vitest Snapshot v1

exports[`Popup ç»„ä»¶æµ‹è¯• > create 1`] = ``;
