// Vitest Snapshot v1

exports[`Button 组件测试 > icon 1`] = `
<button
  class="i-button i-button--type-primary"
>
  <i
    class="i-icon icon-ThePlus i-button-icon"
  />
  
  
</button>
`;
