// Vitest Snapshot v1

exports[`Divider ç»„ä»¶æµ‹è¯• > create 1`] = `
<div
  class="i-divider"
>
  <!---->
</div>
`;
