// Vitest Snapshot v1

exports[`ColorPicker ç»„ä»¶æµ‹è¯• > create 1`] = `
<div
  class="i-color-picker"
>
  
  <div
    class="i-popup__reference"
  >
    
    <div
      class="i-color"
      style="background: rgb(94, 98, 234);"
    />
    
  </div>
  <!--teleport start-->
  <!--teleport end-->
  
</div>
`;
