// Vitest Snapshot v1

exports[`Drawer ç»„ä»¶æµ‹è¯• > create 1`] = `<!--teleport start-->`;
