// Vitest Snapshot v1

exports[`Radio ç»„ä»¶æµ‹è¯• > create 1`] = `
<label
  class="i-radio i-radio--size-medium"
>
  <input
    class="i-radio__former"
    readonly=""
    type="radio"
  />
  <span
    class="i-radio__input"
  />
  <span
    class="i-radio__label"
  >
    <!---->
  </span>
</label>
`;
