// Vitest Snapshot v1

exports[`Rate ç»„ä»¶æµ‹è¯• > create 1`] = `
<div
  class="i-rate"
>
  
  <div
    class="i-rate-star"
  >
    <i
      class="i-icon icon-StarFill"
      style="font-size: 20px;"
    />
  </div>
  <div
    class="i-rate-star"
  >
    <i
      class="i-icon icon-StarFill"
      style="font-size: 20px;"
    />
  </div>
  <div
    class="i-rate-star"
  >
    <i
      class="i-icon icon-StarFill"
      style="font-size: 20px;"
    />
  </div>
  <div
    class="i-rate-star"
  >
    <i
      class="i-icon icon-StarFill"
      style="font-size: 20px;"
    />
  </div>
  <div
    class="i-rate-star"
  >
    <i
      class="i-icon icon-StarFill"
      style="font-size: 20px;"
    />
  </div>
  
</div>
`;
