// Vitest Snapshot v1

exports[`Icon ç»„ä»¶æµ‹è¯• > create 1`] = `
<i
  class="i-icon icon-ModeLight"
/>
`;
