// Vitest Snapshot v1

exports[`Select 组件测试 > create 1`] = `
<div
  class="i-select"
>
  
  <div
    class="i-popup__reference"
  >
    
    
    <div
      class="i-input i-input-is-readonly"
    >
      <!---->
      
      <!---->
      
      <input
        class="i-input__inner"
        placeholder="请选择"
        readonly=""
      />
      <!---->
      <i
        class="i-icon icon-TipCloseFill"
      />
      <!---->
      <i
        class="i-icon icon-ArrowDown i-input-suffix-icon"
      />
      <!---->
      <!---->
    </div>
    <!---->
    
    
  </div>
  <!--teleport start-->
  <!--teleport end-->
  
</div>
`;
