// Vitest Snapshot v1

exports[`Dialog ç»„ä»¶æµ‹è¯• > create 1`] = `<!--teleport start-->`;
