// Vitest Snapshot v1

exports[`Dropdown 组件测试 > create 1`] = ``;

exports[`Dropdown 组件测试 > onClick 1`] = ``;

exports[`Dropdown 组件测试 > onTrigger 1`] = ``;
