// Vitest Snapshot v1

exports[`Loading ç»„ä»¶æµ‹è¯• > create 1`] = `
<div
  class="i-loading"
>
  <div
    class="i-loading-spinner"
  >
    
    
    <i
      class="i-icon icon-Loading"
      style="font-size: 36px;"
    />
  </div>
  <div
    class="i-loading-info"
  >
    
    
  </div>
</div>
`;
