// Vitest Snapshot v1

exports[`Avatar 组件测试 > image alt 1`] = `
<div
  class="i-avatar"
  style="width: 32px; height: 32px;"
>
  <img
    class="i-avatar__image"
    referrerpolicy="no-referrer"
    src="https://picsum.photos/180/120"
  />
  <!--v-if-->
  <!--v-if-->
</div>
`;

exports[`Avatar 组件测试 > image src 1`] = `
<div
  class="i-avatar"
  style="width: 32px; height: 32px;"
>
  <img
    class="i-avatar__image"
    referrerpolicy="no-referrer"
    src="https://picsum.photos/180/120"
  />
  <!--v-if-->
  <!--v-if-->
</div>
`;
